Ao-chan Can't Study!===Comedy===Romance===Ecchi===Shounen===Ongoing===Season 1::38778
D-Frag!===Game===Comedy===School===Seinen===Ongoing===Season 1::20031===OVA::23383
Kokoro Connect===Slice of Life===Comedy===Supernatural===Drama===Romance===School===Ongoing===Season 1::11887===OVA::16001
Nyaruko - Crawling With Love!===Sci-Fi===Comedy===Parody===Ongoing===Season 1::11785===Season 2::15699
Peter Grill and the Philosopher's Time===Harem===Comedy===Ecchi===Fantasy===Ongoing===Season 1::40436
AHO-GIRL===Comedy===Romance===School===Shounen===Finished===Season 1::34881
Arakawa Under the Bridge===Comedy===Romance===Seinen===Finished===Season 1::7647===Season 2::9074
Bloom Into You===Romance===School===Shoujo Ai===Finished===Season 1::37786
Daily Lives of High School Boys===Slice of Life===Comedy===School===Finished===Season 1::11843
Flowers of Evil===Psychological===Drama===Romance===School===Shounen===Finished===Season 1::16201
Hello World===Sci-Fi===Drama===Romance===Finished===Season 1::38816
Kurozuka===Action===Drama===Romance===Historical===Horror===Sci-Fi===Vampire===Finished===Season 1::5039
Momokuri===Comedy===Romance===Slice of Life===Finished===Season 1::30014
Nozoki Ana===Comedy===Ecchi===Drama===Finished===Anime Adaptation::17157
Real Girl===Romance===School===Shoujo===Finished===Season 1::36793===Season 2::37956
School Rumble===Comedy===Romance===School===Shounen===Finished===Season 1::24===Season 2::846===Season 3(OVA)::4015
Suzuka===Sports===Drama===Romance===School===Finished===Season 1::390
Terror in Resonance===Mystery===Psychological===Thriller===Finished===Season 1::23283
Yamada's First Time - B Gata H Kei===Ecchi===Comedy===Romance===School===Seinen===Finished===Season 1::7817
My Wife is the Student Council President!===Comedy===Romance===School===Shounen===Ecchi===Finished===Season 1::28819===Season 2::32603
Tsuredure Children===Comedy===Romance===School===Shounen===Finished===Season 1::34902
Baka & Test - Summon the Beasts===Comedy===Romance===School===Super Power===Finished===Season 1::6347===Season 2::8516
Dororo===Action===Adventure===Demons===Historical===Samurai===Shounen===Supernatural===Finished===Season 1::37520
JoJo's Bizarre Adventure===Action===Adventure===Supernatural===Vampire===Shounen===Ongoing===Season 1::14719===Season 2 Part 1::20899===Season 2 Part 2::26055===Season 3::31933===Season 4::37991
K-ON!===Music===Slice of Life===School===Comedy===Ongoing===Season 1::5680===Season 2::7791
Kono Oto Tomare! - Sound of Life===Drama===Music===Romance===School===Shounen===Ongoing===Season 1::38080===Season 2::38889
Astra Lost in Space===Sci-Fi===Adventure===Space===Shounen===Ongoing===Season 1::39198
From the New World===Drama===Horror===Mystery===Psychological===Sci-Fi===Supernatural===Ongoing===Season 1::13125
Natsume's Book of Friends===Slice of Life===Demons===Supernatural===Drama===Shoujo===Ongoing===Season 1::4081===Season 2::5300===Season 3::10379===Season 4::11665===S4-OVA::20651===Season 5::32983===Season 6::34591===Movie::36538
ReLIFE===Slice of Life===Romance===School===Ongoing===Season 1::30015===Specials::35466
Wotakoi - Love is Hard for Otaku===Comedy===Romance===Slice of Life===Ongoing===Season 1::35968===OVA::38349
Fate Series===Action===Supernatural===Magic===Fantasy===Romance===Ongoing===Fate/Zero::10087===Fate/Zero S2::11741===Fate/Stay Night::356===Movie::6922===Movie HF1::25537===Movie HF2::33049===Movie HF3::33050
A Certain Scientific Railgun===Action===Sci-Fi===Super Power===Ongoing===Season 1::6213===Season 2::16049===Season 3::38481
Love and Lies===Drama===Romance===School===Ongoing===Season 1::34934===OVA::37711
Soul Eater===Action===Supernatural===Fantasy===Comedy===Shounen===Ongoing===Season 1::3588
The Irregular at Magic High School===Action===Sci-Fi===Supernatural===Magic===Romance===School===Ongoing===Season 1::20785===Season 2::40497
5 Centimeters Per Second===Drama===Romance===Slice of Life===Ongoing===Movie::1689
91 Days===Action===Drama===Historical===Ongoing===Season 1::32998
Blade Dance of the Elementalers===Action===Harem===Comedy===Supernatural===Romance===Ecchi===Fantasy===School===Ongoing===Season 1::22877
Fire Force===Action===Supernatural===Shounen===Ongoing===Season 1::38671===Season 2::40956
Kandagawa Jet Girls===Sports===Ecchi===Ongoing===Season 1::40196===OVA::41146
Maid Sama!===Comedy===Romance===School===Shoujo===Ongoing===Season 1::7054
One Punch Man===Action===Sci-Fi===Comedy===Parody===Super Power===Supernaturals===Ongoing===Season 1::30276===Season 2::34134
Undefeated Bahamut Chronicle===Action===Harem===Supernatural===Romance===Ecchi===Fantasy===Mecha===School===Ongoing===Season 1::30749
OniAi===Harem===Comedy===Romance===Ecchi===School===Ongoing===Season 1::14199
Castle Town Dandelion===Slice of Life===Comedy===Super Power===Seinen===Ongoing===Season 1::28387
Fuuka===Drama===Ecchi===Music===Romance===School===Shounen===Finished===Season 1::33743
Nagasarete Airantou===Harem===Comedy===Romance===Ecchi===Fantasy===Shounen===Ongoing===Season 1::1722
Spice and Wolf===Adventure===Fantasy===Historical===Romance===Ongoing===Season 1::2966===Season 2::6007
Air Gear===Action===Comedy===Ecchi===Shounen===Sports===Finished===Season 1::857
Goblin Slayer===Action===Adventure===Fantasy===Ongoing===Season 1::37349===Movie::39576
Please Twins===Comedy===Drama===Harem===School===Sci-Fi===Finished===Season 1::196
Shakugan no Shana===Action===Drama===Fantasy===Romance===School===Supernatural===Ongoing===Season 1::355===Season 2::2787===Season 2-OVA::6572===Season 3::6773
The Master of Ragnarok & Blesser of Einherjar===Fantasy===Harem===Ongoing===Season 1::37446
Vinland Saga===Action===Adventure===Drama===Historical===Seinen===Ongoing===Season 1::37521
Demon King Daimao===Action===Harem===Comedy===Magic===Ecchi===Fantasy===School===Ongoing===Season 1::7088
Akashic Records of Bastard Magic Instructor===Action===Magic===Fantasy===School===Ongoing===Season 1::32951
The Pet Girl of Sakurasou===Slice of Life===Comedy===Drama===Romance===School===Ongoing===Season 1::13759
Nyan Koi!===Harem===Comedy===Romance===Ongoing===Season 1::6512
Haikyu!!===Comedy===Sports===Drama===School===Shounen===Ongoing===Season 1::20583===Season 2::28891===Season 3::32935===OVA::40262===Season 4 Part 1::38883===Season 4 Part 2::40776
Isekai Quartet===Comedy===Fantasy===Parody===Ongoing===Season 1::38472===Season 2::39988===Season 3::41567
The Helpful Fox Senko-san===Comedy===Romance===Slice of Life===Supernatural===Ongoing===Season 1::38759
Actually, I Am===Comedy===Supernatural===Romance===Vampire===Fantasy===School===Shounen===Ongoing===Season 1::29785
Anohana - The Flower We Saw That Day===Slice of Life===Supernatural===Drama===Ongoing===Season 1::9989===Movie::15039
Beyond The Boundary===Slice of Life===Supernatural===Fantasy===Ongoing===Season 1::18153===Movie 1::25015===Movie 2::28675
Clannad===Comedy===Drama===Romance===School===Slice of Life===Supernatural===Finished===Season 1::2167===Season 2::4181
Code Geass===Action===Military===Sci-Fi===Super Power===Drama===Mecha===School===Finished===Season 1::1575===Season 2::2904
Log Horizon===Action===Game===Adventure===Magic===Fantasy===Ongoing===Season 1::17265===Season 2::23321===Season 3::41109
Monster===Drama===Horror===Mystery===Police===Psychological===Seinen===Thriller===Finished===Season 1::19
Nana===Music===Slice of Life===Comedy===Drama===Romance===Shoujo===Ongoing===Season 1::877
Samurai Champloo===Action===Adventure===Comedy===Historical===Samurai===Shounen===Ongoing===Season 1::205
The Ryou's Work is Never Done!===Comedy===Game===Slice of Life===Ongoing===Season 1::35905
Violet Evergarden===Slice of Life===Drama===Fantasy===Ongoing===Season 1::33352===Movie::37987
A Silent Voice===Drama===School===Shounen===Finished===Movie::28851
Blast of Tempest===Action===Mystery===Psychological===Drama===Magic===Fantasy===Shounen===Finished===Season 1::14075
Cat Planet Cuties===Comedy===Ecchi===Harem===Romance===Sci-Fi===Ongoing===Season 1::6166
CHOYOYU! High School Prodigies Have It Easy Even in Another World!===Fantasy===Ongoing===Season 1::39523
Death Parade===Game===Mystery===Psychological===Drama===Thriller===Ongoing===Season 1::28223
March comes in like a lion===Game===Slice of Life===Drama===Seinen===Ongoing===Season 1::31646===Season 2::35180
Oreshura===Comedy===Harem===Romance===School===Ongoing===Season 1::14749
Samurai Harem===Harem===Comedy===Romance===Ecchi===Martial Arts===Shounen===Finished===Season 1::4999
Teasing Master Takagi-san===Slice of Life===Comedy===Romance===School===Shounen===Ongoing===Season 1::35860===Season 2::38993
When Supernatural Battles Became Commonplace===Slice of Life===Harem===Comedy===Supernatural===Romance===School===Ongoing===Season 1::25159
Witch Craft Works===Action===Fantasy===Magic===Seinen===Supernatural===Ongoing===Season 1::21085
Wolf Children===Slice of Life===Fantasy===Ongoing===Movie::12355
Beelzebub===Action===Comedy===Demons===Supernatural===School===Shounen===Finished===Season 1::9513
Cowboy Bebop===Action===Adventure===Comedy===Drama===Sci-Fi===Space===Finished===Season 1::1
Death March to the Parallel World Rhapsody===Adventure===Fantasy===Harem===Ongoing===Season 1::34497
Hunter x Hunter (2011)===Action===Adventure===Fantasy===Shounen===Super Power===Ongoing===Season 1::11061
Mob Psycho 100===Action===Slice of Life===Comedy===Supernatural===Ongoing===Season 1::32182===Season 2::37510
Oresuki Are you the only one who loves me===Harem===Comedy===Romance===School===Ongoing===Season 1::38483===OVA::40936
My Hero Academia===Action===Comedy===School===Shounen===Super Power===Ongoing===Season 1::31964===Season 2::33486===Season 3::36456===Season 4::38408===Season 5::41587
Attack on Titan===Action===Military===Super Power===Drama===Fantasy===Shounen===Ongoing===Season 1::16498===Season 2::25777===Season 3 Part 1::35760===Season 3 Part 2::38524===Season 4::40028
Another===Mystery===Horror===Supernatural===Thriller===School===Ongoing===Season 1::11111
A Sister's All You Need===Comedy===Romance===Ongoing===Season 1::35413
Absolute Duo===Action===Harem===Supernatural===Romance===Ecchi===School===Ongoing===Season 1::25397
Ah! My Goddess===Comedy===Supernatural===Magic===Romance===Seinen===Finished===Season 1::50===Season 2::880
Ai Yori Aoshi===Harem===Slice of Life===Comedy===Drama===Romance===Ongoing===Season 1::53===Season 2::394
Akame ga Kill!===Action===Adventure===Drama===Fantasy===Shounen===Ongoing===Season 1::22199
Aki Sora===Ecchi===Romance===Seinen===Finished===Anime Adaption 1::6967===Anime Adaptation 2::8577
And You Thought There is never a Girl Online===Game===Comedy===Romance===Ecchi===School===Ongoing===Season 1::31404
Angel Beats!===Action===Comedy===Drama===School===Supernatural===Ongoing===Season 1::6547
Arifureta - From Commonplace to World's Strongest===Action===Adventure===Fantasy===Harem===Ongoing===Season 1::36882===Season 2::40507
Assassination Classroom===Action===Comedy===School===Shounen===Finished===Season 1::24833===Season 2::30654
Black Clover===Action===Comedy===Magic===Fantasy===Shounen===Ongoing===Black Clover Anime::34572
Black Lagoon===Action===Seinen===Ongoing===Season 1::889===Season 2::1519
Bleach===Action===Adventure===Comedy===Super Power===Supernatural===Shounen===Ongoing===Bleach Anime::269
Haganai - I don't have many friends===Ecchi===Slice of Life===Comedy===Harem===Romance===School===Ongoing===Season 1::10719===Season 2::14967
Bungo Stray Dogs===Action===Comedy===Mystery===Seinen===Super Power===Supernatural===Ongoing===Season 1::31478===Season 2::32867===Season 3::38003
Campione!===Comedy===Ecchi===Fantasy===Harem===Magic===Romance===Ongoing===Season 1::12293
Cells at Work===Comedy===Shounen===Ongoing===Season 1::37141===Season 2::39586
Chobits===Sci-Fi===Comedy===Drama===Romance===Ecchi===Seinen===Finished===Season 1::59
Classroom of the Elite===Slice of Life===Psychological===Drama===School===Ongoing===Season 1::35507
DARLING in the FRANXX===Action===Drama===Mecha===Romance===Sci-Fi===Finished===Season 1::35849
Date A Live===Sci-Fi===Harem===Comedy===Romance===Mecha===School===Ongoing===Season 1::15583===Season 2::19163===Season 3::===36633Season 4::41461
Deadman Wonderland===Action===Horror===Sci-Fi===Shounen===Supernatural===Finished===Season 1::6880
DearS===Sci-Fi===Harem===Comedy===Romance===Ecchi===Shounen===Finished===Season 1::63
Death Note===Mystery===Police===Psychological===Supernatural===Thriller===Shounen===Finished===Season 1::1535
Demon Slayer===Action===Demons===Historical===Shounen===Supernatural===Ongoing===Season 1::38000===Movie::40456
Domestic Girlfriend===Drama===Romance===School===Shounen===Ongoing===Season 1::37982
Dr. Stone===Adventure===Sci-Fi===Shounen===Ongoing===Season 1::38691===Season 2::40852
Elfen Lied===Action===Horror===Psychological===Supernatural===Drama===Romance===Seinen===Finished===Season 1::226===OVA::376
ERASED===Mystery===Psychological===Supernatural===Seinen===Ongoing===Season 1::31043
Eromanga Sensei===Comedy===Drama===Romance===Ecchi===Ongoing===Season 1::32901
Monster Musume - Everyday Life with Monster Girls===Harem===Comedy===Romance===Ecchi===Fantasy===Seinen===Ongoing===Season 1::30307
Fairy Tail===Action===Adventure===Comedy===Magic===Fantasy===Shounen===Ongoing===Fairy Tail::6702===Fairy Tail(2016)::22043===Fairy Tail Final::35972
Familier of Zero===Adventure===Magic===Romance===Ecchi===Fantasy===Finished===Season 1::1195===Season 2::1840===Season 3::3712===Season 4::11319
Food Wars! Shokugeki no Soma===Ecchi===School===Shounen===Ongoing===Season 1::28171===Season 2::32282===Season 3 Part 1::35788===Season 3 Part 2::36949===Season 4::39940===Season 5::40902
Freezing===Action===Sci-Fi===Harem===Drama===Romance===Ecchi===Martial Arts===Seinen===Ongoing===Season 1::9367===Season 2::18001
Fruits Basket (2019)===Slice of Life===Comedy===Supernatural===Drama===Romance===Shoujo===Ongoing===Season 1::38680===Season 2::40417===Season 3::42938
Fullmetal Alchemist===Action===Adventure===Comedy===Drama===Fantasy===Magic===Military===Shounen===Finished===Season 1::121
Fullmetal Alchemist - Brotherhood===Action===Military===Adventure===Comedy===Drama===Magic===Fantasy===Shounen===Finished===Season 1::5114
The Asterisk War===Action===Comedy===Ecchi===Fantasy===Harem===Romance===School===Sci-Fi===Supernatural===Ongoing===Season 1::30544===Season 2::31737
Gamers!===Game===Comedy===Romance===School===Ongoing===Season 1::34280
Golden Boy===Adventure===Comedy===Ecchi===Finished===Season 1::268
Golden Time===Comedy===Drama===Romance===Ongoing===Season 1::17895
Green Green===Comedy===Ecchi===Romance===School===Slice of Life===Ongoing===Season 1::133===OVA::881
Heaven's Lost Property===Sci-Fi===Harem===Comedy===Supernatural===Romance===Ecchi===Shounen===Finished===Season 1::5958===Season 2::8407
Hensuki===Comedy===Ecchi===Harem===Romance===School===Ongoing===Season 1::39326
The Hentai Prince and the Stony Cat===Harem===Comedy===Supernatural===Romance===School===Ongoing===Season 1::15525
Her Blue Sky===Drama===Ongoing===Movie::39569
High School DxD===Comedy===Demons===Ecchi===Harem===Romance===School===Ongoing===Season 1::11617===Season 2::15451===Season 3::24703===Season 4::34281
High School of the Dead===Action===Horror===Supernatural===Ecchi===Shounen===Ongoing===Season 1::8074
How Not to Summon a Demon Lord===Comedy===Ecchi===Fantasy===Harem===Magic===Ongoing===Season 1::37210===Season 2::41623
Hundred===Action===Sci-Fi===Harem===Romance===Ecchi===Mecha===School===Ongoing===Season 1::31338
Hyakka Ryouran - Samurai Girls===Action===Harem===Comedy===Ecchi===Samurai===School===Ongoing===Season 1::8277===Season 2::15377===OVA::25689
I Want to Eat Your Pancreas===Drama===Finished===Movie::36098
In Another World With My Smartphone===Adventure===Harem===Comedy===Magic===Romance===Fantasy===Ongoing===Season 1::35203
Infinite Stratos===Action===Sci-Fi===Harem===Comedy===Ecchi===Mecha===Ongoing===Season 1::9041===Season 2::18247
Inukami!===Comedy===Ecchi===Romance===Shounen===Supernatural===Ongoing===Season 1::940===Movie::2132
Is It Wrong to Try to Pick Up Girls in a Dungeon!===Action===Adventure===Comedy===Romance===Fantasy===Ongoing===Season 1::28121===Season 2::37347===Season 3::40454
Is This A Zombie===Action===Comedy===Ecchi===Harem===Magic===Supernatural===Ongoing===Season 1::8841===Season 2::10790
Kabaneri of the Iron Fortress===Action===Horror===Supernatural===Drama===Fantasy===Ongoing===Season 1::28623===Movie 3::34544
Kaguya-sama Love is War===Comedy===Psychological===Romance===School===Seinen===Ongoing===Season 1::37999===Season 2::40591===Season 3::43608
Kanokon===Comedy===Ecchi===Harem===Romance===School===Shounen===Slice of Life===Supernatural===Ongoing===Season 1::3503
Kill La Kill===Action===Comedy===Super Power===Ecchi===School===Finished===Season 1::18679
Kiss x Sis===Harem===Comedy===Romance===Ecchi===School===Seinen===Ongoing===Kiss x Sis (TV)::7593===OVA::5042
Miss Kobayashi's Dragon Maid===Slice of Life===Comedy===Fantasy===Ongoing===Season 1::33206===Season 2::39247
KonoSuba===Adventure===Comedy===Fantasy===Magic===Parody===Supernatural===Ongoing===Season 1::30831===Season 2::32937===Movie::38040
Ladies Versus Butlers!===Harem===Comedy===Romance===Ecchi===School===Ongoing===Season 1::7148
Love Hina===Comedy===Ecchi===Romance===Shounen===Harem===Ongoing===Season 1::189===OVA::190
Love Tyrant===Harem===Comedy===Supernatural===Romance===Ecchi===School===Finished===Season 1::32262
Love, Chunibyo & Other Delusions!===Slice of Life===Comedy===Drama===Romance===School===Ongoing===Season 1::14741===Season 2::18671
Maburaho===Comedy===Drama===Ecchi===Harem===Magic===Romance===School===Finished===Season 1::193
Lord Marksman and Vanadis===Adventure===Ecchi===Fantasy===Harem===Romance===Ongoing===Season 1::24455
Magi===Action===Adventure===Magic===Fantasy===Shounen===Ongoing===Season 0::31741===Season 1::14513===Season 2::18115
Magical Sempai===Comedy===Ecchi===School===Seinen===Ongoing===Season 1::38610
Majikoi Oh! Samurai Girls===Harem===Comedy===Super Power===Romance===Ecchi===Martial Arts===School===Finished===Season 1::10213
Maken-Ki!===Action===Ecchi===Harem===Martial Arts===School===Super Power===Ongoing===Season 1::9936===Season 2::15565
Masamune-kun's Revenge===Comedy===Harem===Romance===School===Shounen===Ongoing===Season 1::33487
Hybrid x Heart Magias Academy Ataraxia===Action===Sci-Fi===Harem===Comedy===Romance===Ecchi===Fantasy===School===Ongoing===Season 1::31845
Mayo Chiki!===Harem===Comedy===Romance===Ecchi===School===Ongoing===Season 1::10110
Monogatari Series===Mystery===Comedy===Supernatural===Romance===Vampire===Ongoing===Kizumonogatari I::9260===Kizumonogatari II::31757===Kizumonogatari III::31758===Nekomonogatari Kuro::15689===Bakemonogatari::5081===Nisemonogatari::11597===Monogatari Series 2nd Season::17074===Tsukimonogatari::28025===Owarimonogatari::31181===Owarimonogatari 2::35247===Zuko Owarimonogatari::36999===Hanamonogatari::21855
My Bride is a Mermaid===Comedy===Parody===Romance===School===Shounen===Ongoing===Season 1::2104
My First Girlfriend is a Gal===Comedy===Ecchi===Romance===School===Shounen===Ongoing===Season 1::34403===OVA::35237
My Girlfriend is a ShoBitch===Harem===Comedy===Romance===Ecchi===School===Ongoing===Season 1::35712===OVA::36560
My Ordinary Life===Slice of Life===Comedy===School===Shounen===Ongoing===Season 1::10165
My Youth Romantic Comedy Is Wrong, As I Expected!===Slice of Life===Comedy===Drama===Romance===School===Ongoing===Season 1::14813===Season 2::23847===Season 3::39547
Mysterious Girlfriend X===Romance===School===Seinen===Finished===Season 1::12467===OVA::13093
NAKAIMO - My Little Sister Is Among Them!===Comedy===Ecchi===Harem===Mystery===Romance===School===Ongoing===Season 1::13367===ONA::15609
Nisekoi - False Love===Harem===Comedy===Romance===School===Shounen===Finished===Season 1::18897===Season 2::27787
No Game No Life===Game===Adventure===Comedy===Supernatural===Ecchi===Fantasy===Ongoing===Movie::33674===Season 1::19815
Noragami===Action===Adventure===Comedy===Supernatural===Shounen===Ongoing===Season 1::20507===Season 2::30503
Okaa-san Online===Adventure===Comedy===Fantasy===Ongoing===Season 1::38573===OVA::40102
Omamori Himari===Action===Harem===Comedy===Demons===Supernatural===Romance===Ecchi===Fantasy===Finished===Season 1::6324
One Piece===Action===Adventure===Comedy===Super Power===Drama===Fantasy===Shounen===Ongoing===One Piece::21
Outbreak Company===Harem===Comedy===Parody===Fantasy===Ongoing===Season 1::19369
Overlord===Action===Adventure===Fantasy===Game===Magic===Supernatural===Ongoing===Season 1::29803===Season 2::35073===Season 3::37675
Parasyte -the maxim-===Action===Sci-Fi===Horror===Psychological===Drama===Seinen===Finished===Season 1::22535
Please Teacher!===Sci-Fi===Comedy===Drama===Romance===School===Finished===Season 1::195===OVA::443
Prison School===Comedy===Ecchi===Romance===School===Seinen===Finished===Season 1::30240==OVA::32485
Psycho-Pass===Action===Sci-Fi===Police===Psychological===Ongoing===Season 1::13601===Season 2::23281===Season 3::39491
Chivalry of a Failed Knight===Action===Romance===Ecchi===Fantasy===School===Ongoing===Season 1::30296
Rascal Does Not Dream of Bunny Girl Senpai===Comedy===Romance===School===Supernatural===Ongoing===Season 1::37450===Movie::38329
Re Zero===Psychological===Drama===Thriller===Fantasy===Ongoing===Season 1::31240===Season 2 Part 1::39587===Season 2 Part 2::42203
Rosario + Vampire===Harem===Comedy===Romance===Ecchi===Vampire===Fantasy===School===Shounen===Finished===Season 1::2993===Season 2::4214
Saekano - How to Raise a Boring Girlfriend===Harem===Comedy===Romance===Ecchi===School===Ongoing===Season 1::23277===Season 2::30727===Movie::36885
Sankarea===Comedy===Ecchi===Horror===Romance===Shounen===Supernatural===Finished===Season 1::11499===OVA::16694===Side Story::13055
World Break - Aria of Curse for a Holy Swordsman===Action===Fantasy===Harem===Romance===School===Supernatural===Ongoing===Season 1::22663
Sekirei===Action===Comedy===Ecchi===Harem===Super Power===Finished===Season 1::4063===Special::9355===Season 2::5277
Seraph of the End===Action===Military===Supernatural===Drama===Vampire===Shounen===Ongoing===Season 1::===Season 1::26243===Season 2::28927
Shimoneta===Comedy===Ecchi===School===Ongoing===Season 1::29786
Shomin Sample===Comedy===Ecchi===Harem===Romance===School===Ongoing===Season 1::25099===Specials::31797
Shuffle===Comedy===Drama===Ecchi===Fantasy===Harem===Magic===Romance===School===Seinen===Ongoing===Season 1::79
So, I Can't Play H===Comedy===Ecchi===Romance===Supernatural===Ongoing===Season 1::12549===Special::14893
Steins;Gate===Thriller===Sci-Fi===Ongoing===Season 1::9253===Special::10863===Movie::11577===Special::32188===Season 2::30484
Strike the Blood===Action===Supernatural===Ecchi===Vampire===Fantasy===Ongoing===Season 1::18277===Season 2::33286===Season 3::37449===Season 4::40485
Sword Art Online===Action===Game===Adventure===Romance===Fantasy===Ongoing===Season 1::11757===Special::20021===Season 2::21881===Movie::31765===Season 3::36474===Season 3 Part 2::39597===Season 3 Part 3::40540
AntiMagic Academy 35th Test Platoon===Action===Ecchi===Fantasy===Harem===Military===Romance===Supernatural===Finished===Season 1::24133
That Time I Got Reincarnated as a Slime===Fantasy===Shounen===Ongoing===Season 1::37430===Side Story::38793===Season 2 Part 1::39551===Season 2 Part 2::41487
The Devil is a Part-Timer===Comedy===Demons===Supernatural===Romance===Fantasy===Ongoing===Season 1::15809
The Disastrous Life Of Saiki K===Comedy===School===Shounen===Slice of Life===Supernatural===Ongoing===Season 1::33255===Season 2::34612===Season 3::38249===Season 4::40542
The Fruit of Grisaia===Drama===Harem===Psychological===Romance===School===Ongoing===Season 1::17729===Special::29093===Season 2::29095===Movie::35868===Movie::42392
The Future Diary===Action===Mystery===Psychological===Shounen===Supernatural===Thriller===Finished===Season 1::10620===OVA::16762
The Promised Neverland===Sci-Fi===Mystery===Horror===Psychological===Thriller===Shounen===Ongoing===Season 1::37779===Season 2::39617
The Quintessential Quintuplets===Harem===Comedy===Romance===School===Shounen===Ongoing===Season 1::38101===Season 2::39783
The Rising of the Shield Hero===Action===Adventure===Drama===Fantasy===Ongoing===Season 1::35790===Season 2::40356===Season 3::40357
The Seven Deadly Sins===Action===Adventure===Ecchi===Fantasy===Magic===Shounen===Supernatural===Ongoing===Season 1::23755===Season 1-Post Arc::31722===Season 2::34577===Season 3::39701===Season 4::41491
The Testament of Sister New Devil===Action===Ecchi===Fantasy===Romance===Harem===Demons===Ongoing===Season 1::23233===OVA::29027===Season 2::30363===OVA::30365===Movie::36688
The World God Only Knows===Comedy===Harem===Romance===Shounen===Supernatural===Finished===OVA::9675==Season 1::8525===Season 2::10080===OVA:10805===OVA::15117===Season 3::16706
To Love-Ru===Sci-Fi===Harem===Comedy===Romance===Ecchi===School===Shounen===Ongoing===Season 1::3455===Season 1 OVA::5667===Season 2::9181===Season 3::13663===S3-OVA::13851===Season 4::28979===S4-Special::31711===S4OVA::31380
Toradora!===Slice of Life===Comedy===Romance===School===Ongoing===Season 1::4224
Tokyo Ghoul===Action===Mystery===Horror===Psychological===Supernatural===Drama===Seinen===Finished===Season 1::22319===Season 2::27899===Season 3::36511===Season 4::37799
Towa no Quon===Action===Sci-Fi===Super Power===Supernatural===Ongoing===Movie 1::10294===Movie 2::10713===Movie 3::10714===Movie 4::10715===Movie 5::10716===Movie 6::10717
Triage X===Action===Adventure===Ecchi===Shounen===Ongoing===Season 1::26443===OVA::30250
Trinity Seven===Action===Harem===Comedy===Supernatural===Magic===Romance===Ecchi===Fantasy===School===Shounen===Ongoing===Season 1::25157===OVA::28285===Movie 1::33581
Tsugumomo===Action===Comedy===Ecchi===School===Seinen===Supernatural===Ongoing===Season 1::34019===OVA::39470===Season 2::39469
Val x Love===Harem===Comedy===Supernatural===Romance===Ecchi===School===Shounen===Ongoing===Season 1::39799
Vampire Knight===Drama===Mystery===Romance===Shoujo===Supernatural===Vampire===Ongoing===Season 1::3457===Season 2::4752
We Never Learn===Harem===Comedy===Romance===School===Shounen===Ongoing===Season 1::38186===OVA::39819===Season 2::40004===OVA::42519
Weathering With You===Slice of Life===Drama===Romance===Fantasy===Ongoing===Movie::38826
Why the hell are you here, Teacher!===Comedy===Ecchi===School===Seinen===Ongoing===Season 1::38397===Special::39689
Wise Man's Grandchild===Action===Comedy===Magic===Romance===Fantasy===Ongoing===Season 1::36407
Yamada-kun and the Seven Witches===Comedy===Harem===Mystery===Romance===School===Shounen===Supernatural===Ongoing===Season 1::28677===OVA::24627
Yosuga no Sora===Drama===Ecchi===Harem===Romance===Ongoing===Season 1::8861
Your Lie in April===Drama===Music===Romance===School===Shounen===Finished===OVA::28069===Season 1::23273
Your Name===Romance===Supernatural===School===Drama===Ongoing===Movie::32281
Yuuna and the Haunted Hot Springs===Comedy===Ecchi===Harem===Romance===Shounen===Supernatural===Ongoing===Season 1::36726==OVA::36950