OniAi---Harem---Comedy---Romance---Ecchi---School
Castle Town Dandelion---Slice of Life---Comedy---Super Power---Seinen
Fuuka---Drama---Ecchi---Music---Romance---School---Shounen
Nagasarete Airantou---Harem---Comedy---Romance---Ecchi---Fantasy---Shounen
Spice and Wolf---Adventure---Fantasy---Historical---Romance
Air Gear---Action---Comedy---Ecchi---Shounen---Sports
Goblin Slayer---Action---Adventure---Fantasy
Please Twins---Comedy---Drama---Harem---School---Sci-Fi
Shakugan no Shana---Action---Drama---Fantasy---Romance---School---Supernatural
The Master of Ragnarok & Blesser of Einherjar---Fantasy---Harem
Vinland Saga---Action---Adventure---Drama---Historical---Seinen
Demon King Daimao---Action---Harem---Comedy---Magic---Ecchi---Fantasy---School
Akashic Records of Bastard Magic Instructor---Action---Magic---Fantasy---School
The Pet Girl of Sakurasou---Slice of Life---Comedy---Drama---Romance---School
Nyan Koi!---Harem---Comedy---Romance
Haikyu!!---Comedy---Sports---Drama---School---Shounen
Isekai Quartet---Comedy---Fantasy---Parody
The Helpful Fox Senko-san---Comedy---Romance---Slice of Life---Supernatural
Actually, I Am---Comedy---Supernatural---Romance---Vampire---Fantasy---School---Shounen
Anohana - The Flower We Saw That Day---Slice of Life---Supernatural---Drama
Beyond The Boundary---Slice of Life---Supernatural---Fantasy
Clannad---Comedy---Drama---Romance---School---Slice of Life---Supernatural
Code Geass---Action---Military---Sci-Fi---Super Power---Drama---Mecha---School
Log Horizon---Action---Game---Adventure---Magic---Fantasy
Monster---Drama---Horror---Mystery---Police---Psychological---Seinen---Thriller
Nana---Music---Slice of Life---Comedy---Drama---Romance---Shoujo
Samurai Champloo---Action---Adventure---Comedy---Historical---Samurai---Shounen
The Ryou's Work is Never Done!---Comedy---Game---Slice of Life
Violet Evergarden---Slice of Life---Drama---Fantasy
A Silent Voice---Drama---School---Shounen
Blast of Tempest---Action---Mystery---Psychological---Drama---Magic---Fantasy---Shounen
Cat Planet Cuties---Comedy---Ecchi---Harem---Romance---Sci-Fi
CHOYOYU! High School Prodigies Have It Easy Even in Another World!---Fantasy
Death Parade---Game---Mystery---Psychological---Drama---Thriller
March comes in like a lion---Game---Slice of Life---Drama---Seinen
Oreshura---Comedy---Harem---Romance---School
Samurai Harem---Harem---Comedy---Romance---Ecchi---Martial Arts---Shounen
Teasing Master Takagi-san---Slice of Life---Comedy---Romance---School---Shounen
When Supernatural Battles Became Commonplace---Slice of Life---Harem---Comedy---Supernatural---Romance---School
Witch Craft Works---Action---Fantasy---Magic---Seinen---Supernatural
Wolf Children---Slice of Life---Fantasy
Beelzebub---Action---Comedy---Demons---Supernatural---School---Shounen
Cowboy Bebop---Action---Adventure---Comedy---Drama---Sci-Fi---Space
Death March to the Parallel World Rhapsody---Adventure---Fantasy---Harem
Hunter x Hunter (2011)---Action---Adventure---Fantasy---Shounen---Super Power
Mob Psycho 100---Action---Slice of Life---Comedy---Supernatural
Oresuki---Harem---Comedy---Romance---School
My Hero Academia---Action---Comedy---School---Shounen---Super Power
Attack On Titan---Action---Military---Super Power---Drama---Fantasy---Shounen
Another---Mystery---Horror---Supernatural---Thriller---School
A Sister's All You Need---Comedy---Romance
Absolute Duo---Action---Harem---Supernatural---Romance---Ecchi---School
Ah! My Goddess---Comedy---Supernatural---Magic---Romance---Seinen
Ai Yori Aoshi---Harem---Slice of Life---Comedy---Drama---Romance
Akame ga Kill!---Action---Adventure---Drama---Fantasy---Shounen
Aki Sora---Ecchi---Romance---Seinen
And You Thought There is never a Girl Online---Game---Comedy---Romance---Ecchi---School
Angel Beats!---Action---Comedy---Drama---School---Supernatural
Arifureta - From Commonplace to World's Strongest---Action---Adventure---Fantasy---Harem
Assassination Classroom---Action---Comedy---School---Shounen
Black Clover---Action---Comedy---Magic---Fantasy---Shounen
Black Lagoon---Action---Seinen
Bleach---Action---Adventure---Comedy---Super Power---Supernatural---Shounen
Haganai - I don't have many friends---Ecchi---Slice of Life---Comedy---Harem---Romance---School
Bungo Stray Dogs---Action---Comedy---Mystery---Seinen---Super Power---Supernatural
Campione!---Comedy---Ecchi---Fantasy---Harem---Magic---Romance
Cells at Work---Comedy---Shounen
Chobits---Sci-Fi---Comedy---Drama---Romance---Ecchi---Seinen
Classroom of the Elite---Slice of Life---Psychological---Drama---School
Darling in the FranXX---Action---Drama---Mecha---Romance---Sci-Fi
Date A Live---Sci-Fi---Harem---Comedy---Romance---Mecha---School
Deadman Wonderland---Action---Horror---Sci-Fi---Shounen---Supernatural
DearS---Sci-Fi---Harem---Comedy---Romance---Ecchi---Shounen
Death Note---Mystery---Police---Psychological---Supernatural---Thriller---Shounen
Demon Slayer---Action---Demons---Historical---Shounen---Supernatural
Domestic GirlFriend---Drama---Romance---School---Shounen
Dr. Stone---Adventure---Sci-Fi---Shounen
Elfen Lied---Action---Horror---Psychological---Supernatural---Drama---Romance---Seinen
ERASED---Mystery---Psychological---Supernatural---Seinen
Eromanga Sensei---Comedy---Drama---Romance---Ecchi
Monster Musume - Everyday Life with Monster Girls---Harem---Comedy---Romance---Ecchi---Fantasy---Seinen
Fairy Tail---Action---Adventure---Comedy---Magic---Fantasy---Shounen
Familier of Zero---Adventure---Magic---Romance---Ecchi---Fantasy
Food Wars - Shokugeki No Soma---Ecchi---School---Shounen
Freezing---Action---Sci-Fi---Harem---Drama---Romance---Ecchi---Martial Arts---Seinen
Fruits Basket (2019)---Slice of Life---Comedy---Supernatural---Drama---Romance---Shoujo
Fullmetal Alchemist---Action---Adventure---Comedy---Drama---Fantasy---Magic---Military---Shounen
Fullmetal Alchemist - Brotherhood---Action---Military---Adventure---Comedy---Drama---Magic---Fantasy---Shounen
The Asterisk War---Action---Comedy---Ecchi---Fantasy---Harem---Romance---School---Sci-Fi---Supernatural
Gamers!---Game---Comedy---Romance---School
Golden Boy---Adventure---Comedy---Ecchi
Golden Time---Comedy---Drama---Romance
Green Green---Comedy---Ecchi---Romance---School---Slice of Life
Heaven's Lost Property---Sci-Fi---Harem---Comedy---Supernatural---Romance---Ecchi---Shounen
Hensuki---Comedy---Ecchi---Harem---Romance---School
The Hentai Prince and the Stony Cat.---Harem---Comedy---Supernatural---Romance---School
Her Blue Sky---Drama
High School DxD---Comedy---Demons---Ecchi---Harem---Romance---School
High School Of The Dead---Action---Horror---Supernatural---Ecchi---Shounen
How Not to Summon a Demon Lord---Comedy---Ecchi---Fantasy---Harem---Magic
Hundred---Action---Sci-Fi---Harem---Romance---Ecchi---Mecha---School
Hyakka Ryouran - Samurai Girls---Action---Harem---Comedy---Ecchi---Samurai---School
I Want to Eat Your Pancreas---Drama
In Another World With My Smartphone---Adventure---Harem---Comedy---Magic---Romance---Fantasy
Infinite Stratos---Action---Sci-Fi---Harem---Comedy---Ecchi---Mecha
Inukami!---Comedy---Ecchi---Romance---Shounen---Supernatural
Is It Wrong to Try to Pick Up Girls in a Dungeon!---Action---Adventure---Comedy---Romance---Fantasy
Is This A Zombie---Action---Comedy---Ecchi---Harem---Magic---Supernatural
Kabaneri of the Iron Fortress---Action---Horror---Supernatural---Drama---Fantasy
Kaguya-sama Love is War---Comedy---Psychological---Romance---School---Seinen
Kanokon---Comedy---Ecchi---Harem---Romance---School---Shounen---Slice of Life---Supernatural
Kill La Kill---Action---Comedy---Super Power---Ecchi---School
Kiss x Sis---Harem---Comedy---Romance---Ecchi---School---Seinen
Miss Kobayashi's Dragon Maid---Slice of Life---Comedy---Fantasy
KonoSuba---Adventure---Comedy---Fantasy---Magic---Parody---Supernatural
Ladies Versus Butlers!---Harem---Comedy---Romance---Ecchi---School
Love Hina---Comedy---Ecchi---Romance---Shounen---Harem
Love Tyrant---Harem---Comedy---Supernatural---Romance---Ecchi---School
Love, Chunibyo & Other Delusions!---Slice of Life---Comedy---Drama---Romance---School
Maburaho---Comedy---Drama---Ecchi---Harem---Magic---Romance---School
Lord Marksman and Vanadis---Adventure---Ecchi---Fantasy---Harem---Romance
Magi---Action---Adventure---Magic---Fantasy---Shounen
Magical Sempai---Comedy---Ecchi---School---Seinen
Majikoi Oh! Samurai Girls---Harem---Comedy---Super Power---Romance---Ecchi---Martial Arts---School
Maken-Ki!---Action---Ecchi---Harem---Martial Arts---School---Super Power
Masamune-kun's Revenge---Comedy---Harem---Romance---School---Shounen
Hybrid x Heart Magias Academy Ataraxia---Action---Sci-Fi---Harem---Comedy---Romance---Ecchi---Fantasy---School
Mayo Chiki!---Harem---Comedy---Romance---Ecchi---School
Monogatari Series---Mystery---Comedy---Supernatural---Romance---Vampire
My Bride is a Mermaid---Comedy---Parody---Romance---School---Shounen
My First Girlfriend is a Gal---Comedy---Ecchi---Romance---School---Shounen
My Girlfriend is a ShoBitch---Harem---Comedy---Romance---Ecchi---School
My Ordinary Life---Slice of Life---Comedy---School---Shounen
My Youth Romantic Comedy Is Wrong, As I Expected!---Slice of Life---Comedy---Drama---Romance---School
Mysterious Girlfriend X---Romance---School---Seinen
NAKAIMO - My Little Sister Is Among Them!---Comedy---Ecchi---Harem---Mystery---Romance---School
Nisekoi - False Love---Harem---Comedy---Romance---School---Shounen
No Game No Life---Game---Adventure---Comedy---Supernatural---Ecchi---Fantasy
Noragami---Action---Adventure---Comedy---Supernatural---Shounen
Okaa-san Online---Adventure---Comedy---Fantasy
Omamori Himari---Action---Harem---Comedy---Demons---Supernatural---Romance---Ecchi---Fantasy
One Piece---Action---Adventure---Comedy---Super Power---Drama---Fantasy---Shounen
Outbreak Company---Harem---Comedy---Parody---Fantasy
Overlord---Action---Adventure---Fantasy---Game---Magic---Supernatural
Parasyte -the maxim- ---Action---Sci-Fi---Horror---Psychological---Drama---Seinen
Please Teacher!---Sci-Fi---Comedy---Drama---Romance---School
Prison School---Comedy---Ecchi---Romance---School---Seinen
Psycho-Pass---Action---Sci-Fi---Police---Psychological
Chivalry of a Failed Knight---Action---Romance---Ecchi---Fantasy---School
Rascal Does Not Dream of Bunny Girl Senpai---Comedy---Romance---School---Supernatural
Re Zero---Psychological---Drama---Thriller---Fantasy
Rosario + Vampire---Harem---Comedy---Romance---Ecchi---Vampire---Fantasy---School---Shounen
Saekano - How to Raise a Boring Girlfriend---Harem---Comedy---Romance---Ecchi---School
Sankarea---Comedy---Ecchi---Horror---Romance---Shounen---Supernatural
World Break - Aria of Curse for a Holy Swordsman---Action---Fantasy---Harem---Romance---School---Supernatural
Sekirei---Action---Comedy---Ecchi---Harem---Super Power
Seraph of the End---Action---Military---Supernatural---Drama---Vampire---Shounen
Shimoneta---Comedy---Ecchi---School
Shomin Sample---Comedy---Ecchi---Harem---Romance---School
Shuffle---Comedy---Drama---Ecchi---Fantasy---Harem---Magic---Romance---School---Seinen
So, I Can't Play H---Comedy---Ecchi---Romance---Supernatural
Steins;Gate---Thriller---Sci-Fi
Strike The Blood---Action---Supernatural---Ecchi---Vampire---Fantasy
Sword Art Online---Action---Game---Adventure---Romance---Fantasy
AntiMagic Academy 35th Test Platoon---Action---Ecchi---Fantasy---Harem---Military---Romance---Supernatural
That Time I Got Reincarnated as a Slime---Fantasy---Shounen
The Devil is a Part-Timer---Comedy---Demons---Supernatural---Romance---Fantasy
The Disastrous Life Of Saiki K---Comedy---School---Shounen---Slice of Life---Supernatural
The Fruits of Grisaya---Drama---Harem---Psychological---Romance---School
The Future Diary---Action---Mystery---Psychological---Shounen---Supernatural---Thriller
The Promised Neverland---Sci-Fi---Mystery---Horror---Psychological---Thriller---Shounen
The Quintessential Quintuplets---Harem---Comedy---Romance---School---Shounen
The Rising of the Shield Hero---Action---Adventure---Drama---Fantasy
The Seven Deadly Sins---Action---Adventure---Ecchi---Fantasy---Magic---Shounen---Supernatural
The Testament of Sister New Devil---Action---Ecchi---Fantasy---Romance---Harem---Demons
The World God Only Knows---Comedy---Harem---Romance---Shounen---Supernatural
To Love-Ru---Sci-Fi---Harem---Comedy---Romance---Ecchi---School---Shounen
Toradora!---Slice of Life---Comedy---Romance---School
Tokyo Ghoul---Action---Mystery---Horror---Psychological---Supernatural---Drama---Seinen
Towa no Quon---Action---Sci-Fi---Super Power---Supernatural
Triage X---Action---Adventure---Ecchi---Shounen
Trinity Seven---Action---Harem---Comedy---Supernatural---Magic---Romance---Ecchi---Fantasy---School---Shounen
Tsugumomo---Action---Comedy---Ecchi---School---Seinen---Supernatural
Val x Love---Harem---Comedy---Supernatural---Romance---Ecchi---School---Shounen
Vampire Knight---Drama---Mystery---Romance---Shoujo---Supernatural---Vampire
We Never Learn---Harem---Comedy---Romance---School---Shounen
Weathering With You---Slice of Life---Drama---Romance---Fantasy
Why the hell are you here, Teacher!---Comedy---Ecchi---School---Seinen
Wise Man's Grandchild---Action---Comedy---Magic---Romance---Fantasy
Yamada-kun and the Seven Witches---Comedy---Harem---Mystery---Romance---School---Shounen---Supernatural
Yosuga no Sora---Drama---Ecchi---Harem---Romance
Your Lie in April---Drama---Music---Romance---School---Shounen
Your Name---Romance---Supernatural---School---Drama
Yuuna and the Haunted Hot Springs---Comedy---Ecchi---Harem---Romance---Shounen---Supernatural
